direction, request
service, initiate
data, 65000
data, 5
data, 5
data, 10
data, 1
data, 11110001000
data, 1110111000011100000000000000000000000100000010000000000000000000011110011110111100011
direction, response
service, initiate
data, 65000
data, 5
data, 5
data, 10
data, 1
data, 11110001000
data, 1110111000011100000000000000000000000000000000000000000000000000000000000000000100011
direction, request
service, conclude
direction, response
service, conclude
