direction, request
service, initiate
data, 65000
data, 5
data, 5
data, 10
data, 1
data, 11110001000
data, 1110111000011100000000000000000000000100000010000000000000000000011110011110111100011
direction, response
service, initiate
data, 65000
data, 5
data, 5
data, 10
data, 1
data, 11110001000
data, 1110111000011100000000000000000000000000000000100000000000000000010000001111110100011
invokeId, 1
direction, request
service, fileDirectory
invokeId, 1
direction, response
service, fileDirectory
data, IEDSERVER.BIN
data, 2087744
data, 20201021080434.000Z
data, test
data, 5
data, 20200624045335.000Z
direction, request
service, initiate
data, 65000
data, 5
data, 5
data, 10
data, 1
data, 11110001000
data, 1110111000011100000000000000000000000100000010000000000000000000011110011110111100011
direction, response
service, initiate
data, 65000
data, 5
data, 5
data, 10
data, 1
data, 11110001000
data, 1110111000011100000000000000000000000000000000100000000000000000010000001111110100011
invokeId, 1
direction, request
service, fileDirectory
data, test
invokeId, 1
direction, response
service, fileDirectory
data, test
data, 5
data, 20200624045335.000Z
direction, request
service, initiate
data, 65000
data, 5
data, 5
data, 10
data, 1
data, 11110001000
data, 1110111000011100000000000000000000000100000010000000000000000000011110011110111100011
direction, response
service, initiate
data, 65000
data, 5
data, 5
data, 10
data, 1
data, 11110001000
data, 1110111000011100000000000000000000000000000000100000000000000000010000001111110100011
invokeId, 1
direction, request
service, fileDirectory
data, IEDSERVER.BIN
invokeId, 1
direction, response
service, fileDirectory
data, IEDSERVER.BIN
data, 2087744
data, 20201021080434.000Z
direction, request
service, initiate
data, 65000
data, 5
data, 5
data, 10
data, 1
data, 11110001000
data, 1110111000011100000000000000000000000100000010000000000000000000011110011110111100011
direction, response
service, initiate
data, 65000
data, 5
data, 5
data, 10
data, 1
data, 11110001000
data, 1110111000011100000000000000000000000000000000100000000000000000010000001111110100011
