direction, request
service, initiate
data, 65000
data, 5
data, 5
data, 10
data, 1
data, 11110001000
data, 1110111000011100000000000000000000000100000010000000000000000000011110011110111100011
direction, response
service, initiate
data, 65000
data, 5
data, 5
data, 10
data, 1
data, 11110001000
data, 1110111000011100000000000000000000000000000000100000000000000000000000001111110100011
invokeId, 1
direction, request
service, defineNamedVariableList
identifier, simpleIOGenericIO_LLN0$newDataSet
data, simpleIOGenericIO
data, GGIO1$ST$SPCSO1$stVal
data, simpleIOGenericIO
data, GGIO1$ST$SPCSO1$t
data, simpleIOGenericIO
data, GGIO1$ST$SPCSO2$stVal
data, simpleIOGenericIO
data, GGIO1$ST$SPCSO2$t
invokeId, 1
direction, response
service, defineNamedVariableList
invokeId, 2
direction, request
service, deleteNamedVariableList
identifier, simpleIOGenericIO_LLN0$newDataSet
data, 0
invokeId, 2
direction, response
service, deleteNamedVariableList
data, 1
data, 1
