direction, request
service, initiate
data, 65000
data, 5
data, 5
data, 10
data, 1
data, 11110001000
data, 1110111000011100000000000000000000000100000010000000000000000000011110011110111100011
direction, response
service, initiate
data, 65000
data, 5
data, 5
data, 10
data, 1
data, 11110001000
data, 1110111000011100000000000000000000000000000000100000000000000000000000001111110100011
invokeId, 1
direction, request
service, obtainFile
data, testUpload
data, testUpoadDst
invokeId, 1
direction, request
service, fileOpen
data, testUpload
data, 0
invokeId, 1
direction, response
service, fileOpen
data, 0
data, 11
data, 20201104113214.000Z
invokeId, 2
direction, request
service, fileRead
data, 0
invokeId, 2
direction, response
service, fileRead
data, 7465737455706c6f61640a
data, false
invokeId, 3
direction, request
service, fileClose
data, 0
invokeId, 3
direction, response
service, fileClose
invokeId, 1
direction, response
service, obtainFile
