invokeId, 238033
direction, request
service, read
identifier, GIED2CTRL_LLN0$DC$NamPlt$configRev
invokeId, 238033
direction, response
service, read
identifier, GIED2CTRL_LLN0$DC$NamPlt$configRev
data, 201507221626
invokeId, 166
direction, request
service, read
identifier, WAGO61850ServerLogicalDevice_LLN0$VSD1
invokeId, 166
direction, response
service, read
identifier, WAGO61850ServerLogicalDevice_LLN0$VSD1
data, 0
data, 00000000000000000000000000000000000000000000000000000000000000000000000000000000000000000000000000000000000000000000000000000000
data, 0
data, true
data, 0000000000000
data, Fri Oct 19 06:45:14 2018 GMT
data, false
data, 0
data, 00000000000000000000000000000000000000000000000000000000000000000000000000000000000000000000000000000000000000000000000000000000
data, 0
data, false
data, 0000000000000
data, Thu Jan  1 00:00:00 1970 GMT
data, false
data, 28.800001
data, 0.000000
data, 0
data, 0000000000000
data, Thu Jan  1 00:00:00 1970 GMT
data, 28.000000
data, 0.000000
data, 0
data, 0000000000000
data, Thu Jan  1 00:00:00 1970 GMT
data, true
data, Fri Oct 19 06:45:39 2018 GMT
data, 2
data, 00000000000000000000000000000000000000000000000000000000000000000000000000000000000000000000000000000000000000000000000000000000
data, 68
data, Fri Oct 19 06:45:39 2018 GMT
data, false
data, 00
data, false
data, Thu Jan  1 00:00:00 1970 GMT
data, 0
data, 00000000000000000000000000000000000000000000000000000000000000000000000000000000000000000000000000000000000000000000000000000000
data, 0
data, Thu Jan  1 00:00:00 1970 GMT
data, false
data, 01
data, 0
data, 00000000000000000000000000000000000000000000000000000000000000000000000000000000000000000000000000000000000000000000000000000000
data, 0
data, false
data, 0000000000000
data, Fri Oct 19 06:45:19 2018 GMT
data, false
data, 0
data, 00000000000000000000000000000000000000000000000000000000000000000000000000000000000000000000000000000000000000000000000000000000
data, 0
data, true
data, 0000000000000
data, Fri Oct 19 06:45:19 2018 GMT
data, false
data, false
data, Thu Jan  1 00:00:00 1970 GMT
data, 0
data, 00000000000000000000000000000000000000000000000000000000000000000000000000000000000000000000000000000000000000000000000000000000
data, 0
data, Thu Jan  1 00:00:00 1970 GMT
data, false
data, 01
