invokeId, 1
direction, request
service, getNameList
data, 9
invokeId, 1
direction, response
service, getNameList
data, WAGO61850ServerLogicalDevice
data, false
invokeId, 2
direction, request
service, getNameList
identifier, WAGO61850ServerLogicalDevice
data, 2
invokeId, 2
direction, response
service, getNameList
identifier, WAGO61850ServerLogicalDevice
data, LLN0$AMI
data, LLN0$NetworkAlarm
data, LLN0$Sync_Operations
data, LLN0$CircuitBreaker
data, LLN0$Testbed
data, LLN0$VSD3
data, LLN0$VSD2
data, LLN0$VSD1
data, false
