invokeId, 1
direction, request
service, status
data, false
invokeId, 1
direction, response
service, status
data, 0
data, 0
data, 1110110111111111
