direction, request
service, initiate
data, 65000
data, 5
data, 5
data, 10
data, 1
data, 11110001000
data, 1110111000011100000000000000000000000100000010000000000000000000011110011110111100011
direction, response
service, initiate
data, 65000
data, 5
data, 5
data, 10
data, 1
data, 11110001000
data, 1110111000011100000000000000000000000000000000000000000000000000000000000000000100011
invokeId, 1
direction, request
service, status
data, false
invokeId, 1
direction, response
service, status
data, 0
data, 0
invokeId, 2
direction, request
service, status
data, true
invokeId, 2
direction, response
service, status
data, 0
data, 0
