invokeId, 6
direction, request
service, getVariableAccessAttributes
identifier, simpleIOGenericIO_GGIO1$MX$AnIn1
invokeId, 6
direction, response
service, getVariableAccessAttributes
identifier, simpleIOGenericIO_GGIO1$MX$AnIn1
data, false
data, mag
data, f
data, q
data, -13
data, t
invokeId, 10
direction, request
service, getVariableAccessAttributes
identifier, simpleIOGenericIO_GGIO1$CO$SPCSO1
invokeId, 10
direction, response
service, getVariableAccessAttributes
identifier, simpleIOGenericIO_GGIO1$CO$SPCSO1
data, false
data, Oper
data, ctlVal
data, 
data, origin
data, orCat
data, 8
data, orIdent
data, -64
data, ctlNum
data, 8
data, T
data, Test
data, 
data, Check
data, -2
