invokeId, 3
direction, request
service, getNamedVariableListAttributes
identifier, WAGO61850ServerLogicalDevice_LLN0$AMI
invokeId, 3
direction, response
service, getNamedVariableListAttributes
identifier, WAGO61850ServerLogicalDevice_LLN0$AMI
data, false
data, WAGO61850ServerLogicalDevice
data, GGIO20$MX$AnIn1
data, WAGO61850ServerLogicalDevice
data, GGIO20$MX$AnIn2
data, WAGO61850ServerLogicalDevice
data, GGIO20$MX$AnIn3
data, WAGO61850ServerLogicalDevice
data, GGIO20$MX$AnIn4
data, WAGO61850ServerLogicalDevice
data, GGIO20$MX$AnIn5
data, WAGO61850ServerLogicalDevice
data, GGIO20$MX$AnIn6
data, WAGO61850ServerLogicalDevice
data, GGIO20$MX$AnIn7
data, WAGO61850ServerLogicalDevice
data, GGIO20$MX$AnIn8
data, WAGO61850ServerLogicalDevice
data, GGIO20$MX$AnIn9
data, WAGO61850ServerLogicalDevice
data, GGIO21$MX$AnIn1
data, WAGO61850ServerLogicalDevice
data, GGIO21$MX$AnIn2
data, WAGO61850ServerLogicalDevice
data, GGIO21$MX$AnIn3
data, WAGO61850ServerLogicalDevice
data, GGIO21$MX$AnIn4
data, WAGO61850ServerLogicalDevice
data, GGIO21$MX$AnIn5
data, WAGO61850ServerLogicalDevice
data, GGIO21$MX$AnIn6
data, WAGO61850ServerLogicalDevice
data, GGIO21$MX$AnIn7
data, WAGO61850ServerLogicalDevice
data, GGIO21$MX$AnIn8
data, WAGO61850ServerLogicalDevice
data, GGIO21$MX$AnIn9
data, WAGO61850ServerLogicalDevice
data, GGIO22$MX$AnIn1
data, WAGO61850ServerLogicalDevice
data, GGIO22$MX$AnIn2
data, WAGO61850ServerLogicalDevice
data, GGIO22$MX$AnIn3
data, WAGO61850ServerLogicalDevice
data, GGIO22$MX$AnIn4
data, WAGO61850ServerLogicalDevice
data, GGIO22$MX$AnIn5
data, WAGO61850ServerLogicalDevice
data, GGIO22$MX$AnIn6
data, WAGO61850ServerLogicalDevice
data, GGIO22$MX$AnIn7
data, WAGO61850ServerLogicalDevice
data, GGIO22$MX$AnIn8
data, WAGO61850ServerLogicalDevice
data, GGIO22$MX$AnIn9
data, WAGO61850ServerLogicalDevice
data, GGIO23$MX$AnIn1
data, WAGO61850ServerLogicalDevice
data, GGIO23$MX$AnIn2
data, WAGO61850ServerLogicalDevice
data, GGIO23$MX$AnIn3
data, WAGO61850ServerLogicalDevice
data, GGIO23$MX$AnIn4
data, WAGO61850ServerLogicalDevice
data, GGIO23$MX$AnIn5
data, WAGO61850ServerLogicalDevice
data, GGIO23$MX$AnIn6
data, WAGO61850ServerLogicalDevice
data, GGIO23$MX$AnIn7
data, WAGO61850ServerLogicalDevice
data, GGIO23$MX$AnIn8
data, WAGO61850ServerLogicalDevice
data, GGIO23$MX$AnIn9
invokeId, 4
direction, request
service, getNamedVariableListAttributes
identifier, WAGO61850ServerLogicalDevice_LLN0$NetworkAlarm
invokeId, 4
direction, response
service, getNamedVariableListAttributes
identifier, WAGO61850ServerLogicalDevice_LLN0$NetworkAlarm
data, false
data, WAGO61850ServerLogicalDevice
data, GGIO19$ST$SPCSO1
data, WAGO61850ServerLogicalDevice
data, GGIO19$ST$SPCSO2
data, WAGO61850ServerLogicalDevice
data, GGIO19$ST$SPCSO3
data, WAGO61850ServerLogicalDevice
data, GGIO19$ST$SPCSO4
data, WAGO61850ServerLogicalDevice
data, GGIO19$ST$SPCSO5
data, WAGO61850ServerLogicalDevice
data, GGIO19$ST$SPCSO6
data, WAGO61850ServerLogicalDevice
data, GGIO19$ST$SPCSO7
data, WAGO61850ServerLogicalDevice
data, GGIO19$ST$SPCSO8
data, WAGO61850ServerLogicalDevice
data, GGIO19$ST$SPCSO9
data, WAGO61850ServerLogicalDevice
data, GGIO19$ST$SPCSO10
data, WAGO61850ServerLogicalDevice
data, GGIO19$ST$SPCSO11
invokeId, 5
direction, request
service, getNamedVariableListAttributes
identifier, WAGO61850ServerLogicalDevice_LLN0$Sync_Operations
invokeId, 5
direction, response
service, getNamedVariableListAttributes
identifier, WAGO61850ServerLogicalDevice_LLN0$Sync_Operations
data, false
data, WAGO61850ServerLogicalDevice
data, GGIO17$CO$SPCSO2
data, WAGO61850ServerLogicalDevice
data, GGIO17$CO$SPCSO1
data, WAGO61850ServerLogicalDevice
data, GGIO17$ST$SPCSO3
data, WAGO61850ServerLogicalDevice
data, GGIO17$ST$SPCSO4
data, WAGO61850ServerLogicalDevice
data, GGIO17$ST$SPCSO5
data, WAGO61850ServerLogicalDevice
data, GGIO17$ST$SPCSO6
data, WAGO61850ServerLogicalDevice
data, GGIO17$CO$SPCSO7
data, WAGO61850ServerLogicalDevice
data, GGIO17$CO$SPCSO8
data, WAGO61850ServerLogicalDevice
data, GGIO17$CO$SPCSO9
